// Code generated by xsdgen.test. DO NOT EDIT.

package ws

// type for weekday
// May be one of MON, TUE, WED, THU, FRI, SAT, SUN
type DType string

const (
	DType_MON DType = "MON"
	DType_TUE DType = "TUE"
	DType_WED DType = "WED"
	DType_THU DType = "THU"
	DType_FRI DType = "FRI"
	DType_SAT DType = "SAT"
	DType_SUN DType = "SUN"
)

type TypeA struct {
	DType DType `xml:"http://example.org/ dType"`
}

type TypeB struct {
	DType DType `xml:"http://example.org/ DType"`
}
