// Code generated by xsdgen.test. DO NOT EDIT.

package ws

type Type1 struct {
	TypeA TypeA `xml:"http://example.org TypeA,omitempty"`
}

type Type2 struct {
	TypeA []TypeA1 `xml:"http://example2.org TypeA"`
}

type TypeA struct {
	Toplevel int `xml:"http://example.org toplevel"`
}

type TypeA1 struct {
	Nested int `xml:"http://example2.org nested"`
}
