// Code generated by xsdgen.test. DO NOT EDIT.

package ws

type ReferencedType struct {
	Field1 string `xml:"http://example.org/ field1"`
}

type Type1 struct {
	ReferencedType *ReferencedType `xml:"http://example.org/ ReferencedType,omitempty"`
}
