// Code generated by xsdgen.test. DO NOT EDIT.

package ws

// A Range Object that indicates a Date Range the date Struct has to and from
// as Date Types
type DateRange struct {
	From string `xml:"http://example.org from"`
	To   string `xml:"http://example.org to"`
}

type Error struct {
	Text string `xml:"http://example.org text"`
	Code string `xml:"http://example.org code"`
}

type TypeB struct {
	DeliveryDays *DateRange `xml:"http://example.org deliveryDays,omitempty"`
	Errors       []Error    `xml:"http://example.org errors,omitempty"`
	Xxx          []string   `xml:"http://example.org xxx,omitempty"`
	StringField  string     `xml:"http://example.org stringField"`
}
