// Code generated by xsdgen.test. DO NOT EDIT.

package ws

import (
	"bytes"
	"encoding/base64"
	"encoding/xml"
)

// 'Array' is a complex type for accessors identified by position
type Array1 struct {
	Items     []string `xml:",any"`
	ArrayType string   `xml:"arrayType,attr,omitempty"`
}

type Base641 []byte

func (t *Base641) UnmarshalText(text []byte) error {
	return (*xsdBase64Binary)(t).UnmarshalText(text)
}
func (t Base641) MarshalText() ([]byte, error) {
	return xsdBase64Binary(t).MarshalText()
}

// Must match the pattern 0|1
type Root1 bool

type Struct1 []string

func (a Struct1) MarshalXML(e *xml.Encoder, start xml.StartElement) error {
	var output struct {
		ArrayType string   `xml:"http://schemas.xmlsoap.org/wsdl/ arrayType,attr"`
		Items     []string `xml:" item"`
	}
	output.Items = []string(a)
	start.Attr = append(start.Attr, xml.Attr{Name: xml.Name{"", "xmlns:ns1"}, Value: "http://www.w3.org/2001/XMLSchema"})
	output.ArrayType = "ns1:anyType[]"
	return e.EncodeElement(&output, start)
}
func (a *Struct1) UnmarshalXML(d *xml.Decoder, start xml.StartElement) (err error) {
	var tok xml.Token
	for tok, err = d.Token(); err == nil; tok, err = d.Token() {
		if tok, ok := tok.(xml.StartElement); ok {
			var item string
			if err = d.DecodeElement(&item, &tok); err == nil {
				*a = append(*a, item)
			}
		}
		if _, ok := tok.(xml.EndElement); ok {
			break
		}
	}
	return err
}

type xsdBase64Binary []byte

func (b *xsdBase64Binary) UnmarshalText(text []byte) (err error) {
	*b, err = base64.StdEncoding.DecodeString(string(text))
	return
}
func (b xsdBase64Binary) MarshalText() ([]byte, error) {
	var buf bytes.Buffer
	enc := base64.NewEncoder(base64.StdEncoding, &buf)
	enc.Write([]byte(b))
	enc.Close()
	return buf.Bytes(), nil
}
