// Code generated by ___1TestExamples_anon_in_aqwari_net_xml_xsdgen.test. DO NOT EDIT.

package ws

import "encoding/xml"

type ErrResp struct {
	XMLName xml.Name    `xml:"http://example.org/ ErrResp"`
	Error   []ErrorType `xml:"Error"`
}

// The single error element
type ErrorType struct {
	Err     string `xml:"err,attr"`
	ErrCode int    `xml:"errCode,attr"`
}
